Archive member included to satisfy reference by file (symbol)

c:/st/stm32cubeide_1.3.0/stm32cubeide/plugins/com.st.stm32cube.ide.mcu.externaltools.gnu-tools-for-stm32.7-2018-q2-update.win32_1.5.0.202011040924/tools/bin/../lib/gcc/arm-none-eabi/7.3.1/../../../../arm-none-eabi/lib/thumb/v7e-m/fpv4-sp/hard\libc_nano.a(lib_a-errno.o)
                              Core/Src/syscalls.o (__errno)
c:/st/stm32cubeide_1.3.0/stm32cubeide/plugins/com.st.stm32cube.ide.mcu.externaltools.gnu-tools-for-stm32.7-2018-q2-update.win32_1.5.0.202011040924/tools/bin/../lib/gcc/arm-none-eabi/7.3.1/../../../../arm-none-eabi/lib/thumb/v7e-m/fpv4-sp/hard\libc_nano.a(lib_a-exit.o)
                              c:/st/stm32cubeide_1.3.0/stm32cubeide/plugins/com.st.stm32cube.ide.mcu.externaltools.gnu-tools-for-stm32.7-2018-q2-update.win32_1.5.0.202011040924/tools/bin/../lib/gcc/arm-none-eabi/7.3.1/../../../../arm-none-eabi/lib/thumb/v7e-m/fpv4-sp/hard/crt0.o (exit)
c:/st/stm32cubeide_1.3.0/stm32cubeide/plugins/com.st.stm32cube.ide.mcu.externaltools.gnu-tools-for-stm32.7-2018-q2-update.win32_1.5.0.202011040924/tools/bin/../lib/gcc/arm-none-eabi/7.3.1/../../../../arm-none-eabi/lib/thumb/v7e-m/fpv4-sp/hard\libc_nano.a(lib_a-impure.o)
                              c:/st/stm32cubeide_1.3.0/stm32cubeide/plugins/com.st.stm32cube.ide.mcu.externaltools.gnu-tools-for-stm32.7-2018-q2-update.win32_1.5.0.202011040924/tools/bin/../lib/gcc/arm-none-eabi/7.3.1/../../../../arm-none-eabi/lib/thumb/v7e-m/fpv4-sp/hard\libc_nano.a(lib_a-exit.o) (_global_impure_ptr)
c:/st/stm32cubeide_1.3.0/stm32cubeide/plugins/com.st.stm32cube.ide.mcu.externaltools.gnu-tools-for-stm32.7-2018-q2-update.win32_1.5.0.202011040924/tools/bin/../lib/gcc/arm-none-eabi/7.3.1/../../../../arm-none-eabi/lib/thumb/v7e-m/fpv4-sp/hard\libc_nano.a(lib_a-init.o)
                              c:/st/stm32cubeide_1.3.0/stm32cubeide/plugins/com.st.stm32cube.ide.mcu.externaltools.gnu-tools-for-stm32.7-2018-q2-update.win32_1.5.0.202011040924/tools/bin/../lib/gcc/arm-none-eabi/7.3.1/../../../../arm-none-eabi/lib/thumb/v7e-m/fpv4-sp/hard/crt0.o (__libc_init_array)
c:/st/stm32cubeide_1.3.0/stm32cubeide/plugins/com.st.stm32cube.ide.mcu.externaltools.gnu-tools-for-stm32.7-2018-q2-update.win32_1.5.0.202011040924/tools/bin/../lib/gcc/arm-none-eabi/7.3.1/../../../../arm-none-eabi/lib/thumb/v7e-m/fpv4-sp/hard\libc_nano.a(lib_a-memcpy-stub.o)
                              Core/Src/main.o (memcpy)
c:/st/stm32cubeide_1.3.0/stm32cubeide/plugins/com.st.stm32cube.ide.mcu.externaltools.gnu-tools-for-stm32.7-2018-q2-update.win32_1.5.0.202011040924/tools/bin/../lib/gcc/arm-none-eabi/7.3.1/../../../../arm-none-eabi/lib/thumb/v7e-m/fpv4-sp/hard\libc_nano.a(lib_a-memset.o)
                              c:/st/stm32cubeide_1.3.0/stm32cubeide/plugins/com.st.stm32cube.ide.mcu.externaltools.gnu-tools-for-stm32.7-2018-q2-update.win32_1.5.0.202011040924/tools/bin/../lib/gcc/arm-none-eabi/7.3.1/../../../../arm-none-eabi/lib/thumb/v7e-m/fpv4-sp/hard/crt0.o (memset)
c:/st/stm32cubeide_1.3.0/stm32cubeide/plugins/com.st.stm32cube.ide.mcu.externaltools.gnu-tools-for-stm32.7-2018-q2-update.win32_1.5.0.202011040924/tools/bin/../lib/gcc/arm-none-eabi/7.3.1/thumb/v7e-m/fpv4-sp/hard\libgcc.a(_aeabi_uldivmod.o)
                              Drivers/STM32G4xx_HAL_Driver/Src/stm32g4xx_hal_uart.o (__aeabi_uldivmod)
c:/st/stm32cubeide_1.3.0/stm32cubeide/plugins/com.st.stm32cube.ide.mcu.externaltools.gnu-tools-for-stm32.7-2018-q2-update.win32_1.5.0.202011040924/tools/bin/../lib/gcc/arm-none-eabi/7.3.1/thumb/v7e-m/fpv4-sp/hard\libgcc.a(_udivmoddi4.o)
                              c:/st/stm32cubeide_1.3.0/stm32cubeide/plugins/com.st.stm32cube.ide.mcu.externaltools.gnu-tools-for-stm32.7-2018-q2-update.win32_1.5.0.202011040924/tools/bin/../lib/gcc/arm-none-eabi/7.3.1/thumb/v7e-m/fpv4-sp/hard\libgcc.a(_aeabi_uldivmod.o) (__udivmoddi4)
c:/st/stm32cubeide_1.3.0/stm32cubeide/plugins/com.st.stm32cube.ide.mcu.externaltools.gnu-tools-for-stm32.7-2018-q2-update.win32_1.5.0.202011040924/tools/bin/../lib/gcc/arm-none-eabi/7.3.1/thumb/v7e-m/fpv4-sp/hard\libgcc.a(_dvmd_tls.o)
                              c:/st/stm32cubeide_1.3.0/stm32cubeide/plugins/com.st.stm32cube.ide.mcu.externaltools.gnu-tools-for-stm32.7-2018-q2-update.win32_1.5.0.202011040924/tools/bin/../lib/gcc/arm-none-eabi/7.3.1/thumb/v7e-m/fpv4-sp/hard\libgcc.a(_aeabi_uldivmod.o) (__aeabi_ldiv0)

Allocating common symbols
Common symbol       size              file

whoamI              0x1               Custom_libraries/Src/ism330dhcx_hal.o
hi2c1               0x4c              Core/Src/main.o
uwTick              0x4               Drivers/STM32G4xx_HAL_Driver/Src/stm32g4xx_hal.o
rst                 0x1               Custom_libraries/Src/ism330dhcx_hal.o
hism330             0xc               Core/Src/main.o
huart2              0x8c              Core/Src/main.o

Discarded input sections

[...]
Memory Configuration

Name             Origin             Length             Attributes
RAM              0x0000000020000000 0x0000000000008000 xrw
FLASH            0x0000000008000000 0x0000000000020000 xr
*default*        0x0000000000000000 0xffffffffffffffff

Linker script and memory map

LOAD c:/st/stm32cubeide_1.3.0/stm32cubeide/plugins/com.st.stm32cube.ide.mcu.externaltools.gnu-tools-for-stm32.7-2018-q2-update.win32_1.5.0.202011040924/tools/bin/../lib/gcc/arm-none-eabi/7.3.1/thumb/v7e-m/fpv4-sp/hard/crti.o
LOAD c:/st/stm32cubeide_1.3.0/stm32cubeide/plugins/com.st.stm32cube.ide.mcu.externaltools.gnu-tools-for-stm32.7-2018-q2-update.win32_1.5.0.202011040924/tools/bin/../lib/gcc/arm-none-eabi/7.3.1/thumb/v7e-m/fpv4-sp/hard/crtbegin.o
LOAD c:/st/stm32cubeide_1.3.0/stm32cubeide/plugins/com.st.stm32cube.ide.mcu.externaltools.gnu-tools-for-stm32.7-2018-q2-update.win32_1.5.0.202011040924/tools/bin/../lib/gcc/arm-none-eabi/7.3.1/../../../../arm-none-eabi/lib/thumb/v7e-m/fpv4-sp/hard/crt0.o
LOAD Core/Src/main.o
LOAD Core/Src/stm32g4xx_hal_msp.o
LOAD Core/Src/stm32g4xx_it.o
LOAD Core/Src/syscalls.o
LOAD Core/Src/sysmem.o
LOAD Core/Src/system_stm32g4xx.o
LOAD Core/Startup/startup_stm32g431kbtx.o
LOAD Custom_libraries/Src/ism330dhcx_hal.o
LOAD Custom_libraries/Src/ism330dhcx_ll.o
LOAD Drivers/STM32G4xx_HAL_Driver/Src/stm32g4xx_hal.o
LOAD Drivers/STM32G4xx_HAL_Driver/Src/stm32g4xx_hal_cortex.o
LOAD Drivers/STM32G4xx_HAL_Driver/Src/stm32g4xx_hal_dma.o
LOAD Drivers/STM32G4xx_HAL_Driver/Src/stm32g4xx_hal_dma_ex.o
LOAD Drivers/STM32G4xx_HAL_Driver/Src/stm32g4xx_hal_exti.o
LOAD Drivers/STM32G4xx_HAL_Driver/Src/stm32g4xx_hal_flash.o
LOAD Drivers/STM32G4xx_HAL_Driver/Src/stm32g4xx_hal_flash_ex.o
LOAD Drivers/STM32G4xx_HAL_Driver/Src/stm32g4xx_hal_flash_ramfunc.o
LOAD Drivers/STM32G4xx_HAL_Driver/Src/stm32g4xx_hal_gpio.o
LOAD Drivers/STM32G4xx_HAL_Driver/Src/stm32g4xx_hal_i2c.o
LOAD Drivers/STM32G4xx_HAL_Driver/Src/stm32g4xx_hal_i2c_ex.o
LOAD Drivers/STM32G4xx_HAL_Driver/Src/stm32g4xx_hal_pwr.o
LOAD Drivers/STM32G4xx_HAL_Driver/Src/stm32g4xx_hal_pwr_ex.o
LOAD Drivers/STM32G4xx_HAL_Driver/Src/stm32g4xx_hal_rcc.o
LOAD Drivers/STM32G4xx_HAL_Driver/Src/stm32g4xx_hal_rcc_ex.o
LOAD Drivers/STM32G4xx_HAL_Driver/Src/stm32g4xx_hal_tim.o
LOAD Drivers/STM32G4xx_HAL_Driver/Src/stm32g4xx_hal_tim_ex.o
LOAD Drivers/STM32G4xx_HAL_Driver/Src/stm32g4xx_hal_uart.o
LOAD Drivers/STM32G4xx_HAL_Driver/Src/stm32g4xx_hal_uart_ex.o
START GROUP
LOAD c:/st/stm32cubeide_1.3.0/stm32cubeide/plugins/com.st.stm32cube.ide.mcu.externaltools.gnu-tools-for-stm32.7-2018-q2-update.win32_1.5.0.202011040924/tools/bin/../lib/gcc/arm-none-eabi/7.3.1/../../../../arm-none-eabi/lib/thumb/v7e-m/fpv4-sp/hard\libc_nano.a
LOAD c:/st/stm32cubeide_1.3.0/stm32cubeide/plugins/com.st.stm32cube.ide.mcu.externaltools.gnu-tools-for-stm32.7-2018-q2-update.win32_1.5.0.202011040924/tools/bin/../lib/gcc/arm-none-eabi/7.3.1/../../../../arm-none-eabi/lib/thumb/v7e-m/fpv4-sp/hard\libm.a
END GROUP
START GROUP
LOAD c:/st/stm32cubeide_1.3.0/stm32cubeide/plugins/com.st.stm32cube.ide.mcu.externaltools.gnu-tools-for-stm32.7-2018-q2-update.win32_1.5.0.202011040924/tools/bin/../lib/gcc/arm-none-eabi/7.3.1/thumb/v7e-m/fpv4-sp/hard\libgcc.a
LOAD c:/st/stm32cubeide_1.3.0/stm32cubeide/plugins/com.st.stm32cube.ide.mcu.externaltools.gnu-tools-for-stm32.7-2018-q2-update.win32_1.5.0.202011040924/tools/bin/../lib/gcc/arm-none-eabi/7.3.1/../../../../arm-none-eabi/lib/thumb/v7e-m/fpv4-sp/hard\libc_nano.a
END GROUP
START GROUP
LOAD c:/st/stm32cubeide_1.3.0/stm32cubeide/plugins/com.st.stm32cube.ide.mcu.externaltools.gnu-tools-for-stm32.7-2018-q2-update.win32_1.5.0.202011040924/tools/bin/../lib/gcc/arm-none-eabi/7.3.1/thumb/v7e-m/fpv4-sp/hard\libgcc.a
LOAD c:/st/stm32cubeide_1.3.0/stm32cubeide/plugins/com.st.stm32cube.ide.mcu.externaltools.gnu-tools-for-stm32.7-2018-q2-update.win32_1.5.0.202011040924/tools/bin/../lib/gcc/arm-none-eabi/7.3.1/../../../../arm-none-eabi/lib/thumb/v7e-m/fpv4-sp/hard\libc_nano.a
LOAD c:/st/stm32cubeide_1.3.0/stm32cubeide/plugins/com.st.stm32cube.ide.mcu.externaltools.gnu-tools-for-stm32.7-2018-q2-update.win32_1.5.0.202011040924/tools/bin/../lib/gcc/arm-none-eabi/7.3.1/../../../../arm-none-eabi/lib/thumb/v7e-m/fpv4-sp/hard\libnosys.a
END GROUP
START GROUP
LOAD c:/st/stm32cubeide_1.3.0/stm32cubeide/plugins/com.st.stm32cube.ide.mcu.externaltools.gnu-tools-for-stm32.7-2018-q2-update.win32_1.5.0.202011040924/tools/bin/../lib/gcc/arm-none-eabi/7.3.1/thumb/v7e-m/fpv4-sp/hard\libgcc.a
LOAD c:/st/stm32cubeide_1.3.0/stm32cubeide/plugins/com.st.stm32cube.ide.mcu.externaltools.gnu-tools-for-stm32.7-2018-q2-update.win32_1.5.0.202011040924/tools/bin/../lib/gcc/arm-none-eabi/7.3.1/../../../../arm-none-eabi/lib/thumb/v7e-m/fpv4-sp/hard\libc_nano.a
LOAD c:/st/stm32cubeide_1.3.0/stm32cubeide/plugins/com.st.stm32cube.ide.mcu.externaltools.gnu-tools-for-stm32.7-2018-q2-update.win32_1.5.0.202011040924/tools/bin/../lib/gcc/arm-none-eabi/7.3.1/../../../../arm-none-eabi/lib/thumb/v7e-m/fpv4-sp/hard\libnosys.a
END GROUP
LOAD c:/st/stm32cubeide_1.3.0/stm32cubeide/plugins/com.st.stm32cube.ide.mcu.externaltools.gnu-tools-for-stm32.7-2018-q2-update.win32_1.5.0.202011040924/tools/bin/../lib/gcc/arm-none-eabi/7.3.1/thumb/v7e-m/fpv4-sp/hard/crtend.o
LOAD c:/st/stm32cubeide_1.3.0/stm32cubeide/plugins/com.st.stm32cube.ide.mcu.externaltools.gnu-tools-for-stm32.7-2018-q2-update.win32_1.5.0.202011040924/tools/bin/../lib/gcc/arm-none-eabi/7.3.1/thumb/v7e-m/fpv4-sp/hard/crtn.o
                0x0000000020008000                _estack = (ORIGIN (RAM) + LENGTH (RAM))
                0x0000000000000200                _Min_Heap_Size = 0x200
                0x0000000000000400                _Min_Stack_Size = 0x400

.isr_vector     0x0000000008000000      0x1d8
                0x0000000008000000                . = ALIGN (0x4)
 *(.isr_vector)
 .isr_vector    0x0000000008000000      0x1d8 Core/Startup/startup_stm32g431kbtx.o
                0x0000000008000000                g_pfnVectors
                0x00000000080001d8                . = ALIGN (0x4)

.text           0x00000000080001d8     0x488c
                0x00000000080001d8                . = ALIGN (0x4)
 *(.text)
 .text          0x00000000080001d8       0x40 c:/st/stm32cubeide_1.3.0/stm32cubeide/plugins/com.st.stm32cube.ide.mcu.externaltools.gnu-tools-for-stm32.7-2018-q2-update.win32_1.5.0.202011040924/tools/bin/../lib/gcc/arm-none-eabi/7.3.1/thumb/v7e-m/fpv4-sp/hard/crtbegin.o
 .text          0x0000000008000218       0x30 c:/st/stm32cubeide_1.3.0/stm32cubeide/plugins/com.st.stm32cube.ide.mcu.externaltools.gnu-tools-for-stm32.7-2018-q2-update.win32_1.5.0.202011040924/tools/bin/../lib/gcc/arm-none-eabi/7.3.1/thumb/v7e-m/fpv4-sp/hard\libgcc.a(_aeabi_uldivmod.o)
                0x0000000008000218                __aeabi_uldivmod
 .text          0x0000000008000248      0x2cc c:/st/stm32cubeide_1.3.0/stm32cubeide/plugins/com.st.stm32cube.ide.mcu.externaltools.gnu-tools-for-stm32.7-2018-q2-update.win32_1.5.0.202011040924/tools/bin/../lib/gcc/arm-none-eabi/7.3.1/thumb/v7e-m/fpv4-sp/hard\libgcc.a(_udivmoddi4.o)
                0x0000000008000248                __udivmoddi4
 .text          0x0000000008000514        0x4 c:/st/stm32cubeide_1.3.0/stm32cubeide/plugins/com.st.stm32cube.ide.mcu.externaltools.gnu-tools-for-stm32.7-2018-q2-update.win32_1.5.0.202011040924/tools/bin/../lib/gcc/arm-none-eabi/7.3.1/thumb/v7e-m/fpv4-sp/hard\libgcc.a(_dvmd_tls.o)
                0x0000000008000514                __aeabi_idiv0
                0x0000000008000514                __aeabi_ldiv0
 *(.text*)
 .text.main     0x0000000008000518       0x2e Core/Src/main.o
                0x0000000008000518                main
 .text.SystemClock_Config
                0x0000000008000546       0xcc Core/Src/main.o
                0x0000000008000546                SystemClock_Config
 *fill*         0x0000000008000612        0x2 
 .text.MX_I2C1_Init
                0x0000000008000614       0x80 Core/Src/main.o
 .text.MX_USART2_UART_Init
                0x0000000008000694       0x98 Core/Src/main.o
 .text.MX_GPIO_Init
                0x000000000800072c       0x80 Core/Src/main.o
 .text.ISM330DHCX_sendData
                0x00000000080007ac       0x54 Core/Src/main.o
                0x00000000080007ac                ISM330DHCX_sendData
 .text.ISM330DHCX_sendConf
                0x0000000008000800       0x54 Core/Src/main.o
                0x0000000008000800                ISM330DHCX_sendConf
 .text.loop     0x0000000008000854       0xe4 Core/Src/main.o
                0x0000000008000854                loop
 .text.Error_Handler
                0x0000000008000938       0x18 Core/Src/main.o
                0x0000000008000938                Error_Handler
 .text.HAL_MspInit
                0x0000000008000950       0x48 Core/Src/stm32g4xx_hal_msp.o
                0x0000000008000950                HAL_MspInit
 .text.HAL_I2C_MspInit
                0x0000000008000998       0xc4 Core/Src/stm32g4xx_hal_msp.o
                0x0000000008000998                HAL_I2C_MspInit
 .text.HAL_UART_MspInit
                0x0000000008000a5c       0x84 Core/Src/stm32g4xx_hal_msp.o
                0x0000000008000a5c                HAL_UART_MspInit
 .text.NMI_Handler
                0x0000000008000ae0        0xe Core/Src/stm32g4xx_it.o
                0x0000000008000ae0                NMI_Handler
 .text.HardFault_Handler
                0x0000000008000aee        0x6 Core/Src/stm32g4xx_it.o
                0x0000000008000aee                HardFault_Handler
 .text.MemManage_Handler
                0x0000000008000af4        0x6 Core/Src/stm32g4xx_it.o
                0x0000000008000af4                MemManage_Handler
 .text.BusFault_Handler
                0x0000000008000afa        0x6 Core/Src/stm32g4xx_it.o
                0x0000000008000afa                BusFault_Handler
 .text.UsageFault_Handler
                0x0000000008000b00        0x6 Core/Src/stm32g4xx_it.o
                0x0000000008000b00                UsageFault_Handler
 .text.SVC_Handler
                0x0000000008000b06        0xe Core/Src/stm32g4xx_it.o
                0x0000000008000b06                SVC_Handler
 .text.DebugMon_Handler
                0x0000000008000b14        0xe Core/Src/stm32g4xx_it.o
                0x0000000008000b14                DebugMon_Handler
 .text.PendSV_Handler
                0x0000000008000b22        0xe Core/Src/stm32g4xx_it.o
                0x0000000008000b22                PendSV_Handler
 .text.SysTick_Handler
                0x0000000008000b30        0xc Core/Src/stm32g4xx_it.o
                0x0000000008000b30                SysTick_Handler
 .text.SystemInit
                0x0000000008000b3c       0x2c Core/Src/system_stm32g4xx.o
                0x0000000008000b3c                SystemInit
 .text.Reset_Handler
                0x0000000008000b68       0x50 Core/Startup/startup_stm32g431kbtx.o
                0x0000000008000b68                Reset_Handler
 .text.Default_Handler
                0x0000000008000bb8        0x2 Core/Startup/startup_stm32g431kbtx.o
                0x0000000008000bb8                RTC_Alarm_IRQHandler
                0x0000000008000bb8                EXTI2_IRQHandler
                0x0000000008000bb8                TIM8_TRG_COM_IRQHandler
                0x0000000008000bb8                TIM8_CC_IRQHandler
                0x0000000008000bb8                TIM1_CC_IRQHandler
                0x0000000008000bb8                USB_HP_IRQHandler
                0x0000000008000bb8                CORDIC_IRQHandler
                0x0000000008000bb8                EXTI3_IRQHandler
                0x0000000008000bb8                I2C3_ER_IRQHandler
                0x0000000008000bb8                EXTI0_IRQHandler
                0x0000000008000bb8                I2C2_EV_IRQHandler
                0x0000000008000bb8                FPU_IRQHandler
                0x0000000008000bb8                FDCAN1_IT1_IRQHandler
                0x0000000008000bb8                TIM1_UP_TIM16_IRQHandler
                0x0000000008000bb8                ADC1_2_IRQHandler
                0x0000000008000bb8                SPI1_IRQHandler
                0x0000000008000bb8                TIM6_DAC_IRQHandler
                0x0000000008000bb8                TIM8_UP_IRQHandler
                0x0000000008000bb8                DMA2_Channel2_IRQHandler
                0x0000000008000bb8                DMA1_Channel4_IRQHandler
                0x0000000008000bb8                USART3_IRQHandler
                0x0000000008000bb8                TIM4_IRQHandler
                0x0000000008000bb8                DMA2_Channel1_IRQHandler
                0x0000000008000bb8                I2C1_EV_IRQHandler
                0x0000000008000bb8                DMA1_Channel6_IRQHandler
                0x0000000008000bb8                UART4_IRQHandler
                0x0000000008000bb8                DMA2_Channel4_IRQHandler
                0x0000000008000bb8                TIM3_IRQHandler
                0x0000000008000bb8                RCC_IRQHandler
                0x0000000008000bb8                DMA1_Channel1_IRQHandler
                0x0000000008000bb8                Default_Handler
                0x0000000008000bb8                RTC_TAMP_LSECSS_IRQHandler
                0x0000000008000bb8                FMAC_IRQHandler
                0x0000000008000bb8                EXTI15_10_IRQHandler
                0x0000000008000bb8                TIM7_IRQHandler
                0x0000000008000bb8                UCPD1_IRQHandler
                0x0000000008000bb8                I2C3_EV_IRQHandler
                0x0000000008000bb8                EXTI9_5_IRQHandler
                0x0000000008000bb8                RTC_WKUP_IRQHandler
                0x0000000008000bb8                PVD_PVM_IRQHandler
                0x0000000008000bb8                SPI2_IRQHandler
                0x0000000008000bb8                DMA2_Channel5_IRQHandler
                0x0000000008000bb8                CRS_IRQHandler
                0x0000000008000bb8                DMA1_Channel5_IRQHandler
                0x0000000008000bb8                USB_LP_IRQHandler
                0x0000000008000bb8                EXTI4_IRQHandler
                0x0000000008000bb8                RNG_IRQHandler
                0x0000000008000bb8                TIM1_TRG_COM_TIM17_IRQHandler
                0x0000000008000bb8                DMA1_Channel3_IRQHandler
                0x0000000008000bb8                WWDG_IRQHandler
                0x0000000008000bb8                LPUART1_IRQHandler
                0x0000000008000bb8                DMA2_Channel6_IRQHandler
                0x0000000008000bb8                FDCAN1_IT0_IRQHandler
                0x0000000008000bb8                TIM2_IRQHandler
                0x0000000008000bb8                COMP1_2_3_IRQHandler
                0x0000000008000bb8                EXTI1_IRQHandler
                0x0000000008000bb8                USART2_IRQHandler
                0x0000000008000bb8                I2C2_ER_IRQHandler
                0x0000000008000bb8                DMA1_Channel2_IRQHandler
                0x0000000008000bb8                TIM8_BRK_IRQHandler
                0x0000000008000bb8                FLASH_IRQHandler
                0x0000000008000bb8                USART1_IRQHandler
                0x0000000008000bb8                SPI3_IRQHandler
                0x0000000008000bb8                I2C1_ER_IRQHandler
                0x0000000008000bb8                LPTIM1_IRQHandler
                0x0000000008000bb8                DMAMUX_OVR_IRQHandler
                0x0000000008000bb8                USBWakeUp_IRQHandler
                0x0000000008000bb8                SAI1_IRQHandler
                0x0000000008000bb8                DMA2_Channel3_IRQHandler
                0x0000000008000bb8                COMP4_IRQHandler
                0x0000000008000bb8                TIM1_BRK_TIM15_IRQHandler
 .text.HAL_ISM330DHCX_Write
                0x0000000008000bba       0x3a Custom_libraries/Src/ism330dhcx_hal.o
                0x0000000008000bba                HAL_ISM330DHCX_Write
 .text.HAL_ISM330DHCX_Read
                0x0000000008000bf4       0x3a Custom_libraries/Src/ism330dhcx_hal.o
                0x0000000008000bf4                HAL_ISM330DHCX_Read
 *fill*         0x0000000008000c2e        0x2 
 .text.HAL_ISM330DHCX_Init
                0x0000000008000c30       0x98 Custom_libraries/Src/ism330dhcx_hal.o
                0x0000000008000c30                HAL_ISM330DHCX_Init
 .text.HAL_ISM330DHCX_getConf
                0x0000000008000cc8       0x78 Custom_libraries/Src/ism330dhcx_hal.o
                0x0000000008000cc8                HAL_ISM330DHCX_getConf
 .text.HAL_ISM330DHCX_Poll
                0x0000000008000d40      0x124 Custom_libraries/Src/ism330dhcx_hal.o
                0x0000000008000d40                HAL_ISM330DHCX_Poll
 .text.ism330dhcx_read
                0x0000000008000e64       0x30 Custom_libraries/Src/ism330dhcx_ll.o
                0x0000000008000e64                ism330dhcx_read
 .text.ism330dhcx_write
                0x0000000008000e94       0x30 Custom_libraries/Src/ism330dhcx_ll.o
                0x0000000008000e94                ism330dhcx_write
 .text.ism330dhcx_who_am_i
                0x0000000008000ec4       0x22 Custom_libraries/Src/ism330dhcx_ll.o
                0x0000000008000ec4                ism330dhcx_who_am_i
 .text.ism330dhcx_reset_set
                0x0000000008000ee6       0x4c Custom_libraries/Src/ism330dhcx_ll.o
                0x0000000008000ee6                ism330dhcx_reset_set
 .text.ism330dhcx_reset_get
                0x0000000008000f32       0x32 Custom_libraries/Src/ism330dhcx_ll.o
                0x0000000008000f32                ism330dhcx_reset_get
 .text.ism330dhcx_block_data_update_set
                0x0000000008000f64       0x4c Custom_libraries/Src/ism330dhcx_ll.o
                0x0000000008000f64                ism330dhcx_block_data_update_set
 .text.ism330dhcx_xl_data_rate_set
                0x0000000008000fb0      0x2e0 Custom_libraries/Src/ism330dhcx_ll.o
                0x0000000008000fb0                ism330dhcx_xl_data_rate_set
 .text.ism330dhcx_gy_data_rate_set
                0x0000000008001290      0x2e0 Custom_libraries/Src/ism330dhcx_ll.o
                0x0000000008001290                ism330dhcx_gy_data_rate_set
 .text.ism330dhcx_xl_full_scale_set
                0x0000000008001570       0x4c Custom_libraries/Src/ism330dhcx_ll.o
                0x0000000008001570                ism330dhcx_xl_full_scale_set
 .text.ism330dhcx_gy_full_scale_set
                0x00000000080015bc       0x50 Custom_libraries/Src/ism330dhcx_ll.o
                0x00000000080015bc                ism330dhcx_gy_full_scale_set
 .text.ism330dhcx_xl_hp_path_on_out_set
                0x000000000800160c       0x70 Custom_libraries/Src/ism330dhcx_ll.o
                0x000000000800160c                ism330dhcx_xl_hp_path_on_out_set
 .text.ism330dhcx_xl_filter_lp2_set
                0x000000000800167c       0x4c Custom_libraries/Src/ism330dhcx_ll.o
                0x000000000800167c                ism330dhcx_xl_filter_lp2_set
 .text.ism330dhcx_xl_flag_data_ready_get
                0x00000000080016c8       0x32 Custom_libraries/Src/ism330dhcx_ll.o
                0x00000000080016c8                ism330dhcx_xl_flag_data_ready_get
 .text.ism330dhcx_acceleration_raw_get
                0x00000000080016fa       0x74 Custom_libraries/Src/ism330dhcx_ll.o
                0x00000000080016fa                ism330dhcx_acceleration_raw_get
 .text.ism330dhcx_gy_flag_data_ready_get
                0x000000000800176e       0x32 Custom_libraries/Src/ism330dhcx_ll.o
                0x000000000800176e                ism330dhcx_gy_flag_data_ready_get
 .text.ism330dhcx_angular_rate_raw_get
                0x00000000080017a0       0x74 Custom_libraries/Src/ism330dhcx_ll.o
                0x00000000080017a0                ism330dhcx_angular_rate_raw_get
 .text.ism330dhcx_temp_flag_data_ready_get
                0x0000000008001814       0x32 Custom_libraries/Src/ism330dhcx_ll.o
                0x0000000008001814                ism330dhcx_temp_flag_data_ready_get
 .text.ism330dhcx_temperature_raw_get
                0x0000000008001846       0x46 Custom_libraries/Src/ism330dhcx_ll.o
                0x0000000008001846                ism330dhcx_temperature_raw_get
 .text.ism330dhcx_fsm_enable_get
                0x000000000800188c       0x58 Custom_libraries/Src/ism330dhcx_ll.o
                0x000000000800188c                ism330dhcx_fsm_enable_get
 .text.ism330dhcx_mem_bank_set
                0x00000000080018e4       0x4c Custom_libraries/Src/ism330dhcx_ll.o
                0x00000000080018e4                ism330dhcx_mem_bank_set
 .text.ism330dhcx_fsm_data_rate_get
                0x0000000008001930       0x90 Custom_libraries/Src/ism330dhcx_ll.o
                0x0000000008001930                ism330dhcx_fsm_data_rate_get
 .text.ism330dhcx_mlc_get
                0x00000000080019c0       0x52 Custom_libraries/Src/ism330dhcx_ll.o
                0x00000000080019c0                ism330dhcx_mlc_get
 *fill*         0x0000000008001a12        0x2 
 .text.ism330dhcx_mlc_data_rate_get
                0x0000000008001a14       0x90 Custom_libraries/Src/ism330dhcx_ll.o
                0x0000000008001a14                ism330dhcx_mlc_data_rate_get
 .text.ism330dhcx_from_fs2g_to_mg
                0x0000000008001aa4       0x40 Custom_libraries/Src/ism330dhcx_ll.o
                0x0000000008001aa4                ism330dhcx_from_fs2g_to_mg
 .text.ism330dhcx_from_fs2000dps_to_mdps
                0x0000000008001ae4       0x40 Custom_libraries/Src/ism330dhcx_ll.o
                0x0000000008001ae4                ism330dhcx_from_fs2000dps_to_mdps
 .text.ism330dhcx_from_lsb_to_celsius
                0x0000000008001b24       0x38 Custom_libraries/Src/ism330dhcx_ll.o
                0x0000000008001b24                ism330dhcx_from_lsb_to_celsius
 .text.HAL_Init
                0x0000000008001b5c       0x30 Drivers/STM32G4xx_HAL_Driver/Src/stm32g4xx_hal.o
                0x0000000008001b5c                HAL_Init
 .text.HAL_InitTick
                0x0000000008001b8c       0x74 Drivers/STM32G4xx_HAL_Driver/Src/stm32g4xx_hal.o
                0x0000000008001b8c                HAL_InitTick
 .text.HAL_IncTick
                0x0000000008001c00       0x24 Drivers/STM32G4xx_HAL_Driver/Src/stm32g4xx_hal.o
                0x0000000008001c00                HAL_IncTick
 .text.HAL_GetTick
                0x0000000008001c24       0x18 Drivers/STM32G4xx_HAL_Driver/Src/stm32g4xx_hal.o
                0x0000000008001c24                HAL_GetTick
 .text.HAL_Delay
                0x0000000008001c3c       0x44 Drivers/STM32G4xx_HAL_Driver/Src/stm32g4xx_hal.o
                0x0000000008001c3c                HAL_Delay
 .text.__NVIC_SetPriorityGrouping
                0x0000000008001c80       0x48 Drivers/STM32G4xx_HAL_Driver/Src/stm32g4xx_hal_cortex.o
 .text.__NVIC_GetPriorityGrouping
                0x0000000008001cc8       0x1c Drivers/STM32G4xx_HAL_Driver/Src/stm32g4xx_hal_cortex.o
 .text.__NVIC_SetPriority
                0x0000000008001ce4       0x54 Drivers/STM32G4xx_HAL_Driver/Src/stm32g4xx_hal_cortex.o
 .text.NVIC_EncodePriority
                0x0000000008001d38       0x66 Drivers/STM32G4xx_HAL_Driver/Src/stm32g4xx_hal_cortex.o
 *fill*         0x0000000008001d9e        0x2 
 .text.SysTick_Config
                0x0000000008001da0       0x44 Drivers/STM32G4xx_HAL_Driver/Src/stm32g4xx_hal_cortex.o
 .text.HAL_NVIC_SetPriorityGrouping
                0x0000000008001de4       0x16 Drivers/STM32G4xx_HAL_Driver/Src/stm32g4xx_hal_cortex.o
                0x0000000008001de4                HAL_NVIC_SetPriorityGrouping
 .text.HAL_NVIC_SetPriority
                0x0000000008001dfa       0x34 Drivers/STM32G4xx_HAL_Driver/Src/stm32g4xx_hal_cortex.o
                0x0000000008001dfa                HAL_NVIC_SetPriority
 .text.HAL_SYSTICK_Config
                0x0000000008001e2e       0x18 Drivers/STM32G4xx_HAL_Driver/Src/stm32g4xx_hal_cortex.o
                0x0000000008001e2e                HAL_SYSTICK_Config
 *fill*         0x0000000008001e46        0x2 
 .text.HAL_GPIO_Init
                0x0000000008001e48      0x304 Drivers/STM32G4xx_HAL_Driver/Src/stm32g4xx_hal_gpio.o
                0x0000000008001e48                HAL_GPIO_Init
 .text.HAL_GPIO_WritePin
                0x000000000800214c       0x30 Drivers/STM32G4xx_HAL_Driver/Src/stm32g4xx_hal_gpio.o
                0x000000000800214c                HAL_GPIO_WritePin
 .text.HAL_I2C_Init
                0x000000000800217c      0x11e Drivers/STM32G4xx_HAL_Driver/Src/stm32g4xx_hal_i2c.o
                0x000000000800217c                HAL_I2C_Init
 *fill*         0x000000000800229a        0x2 
 .text.HAL_I2C_Mem_Write
                0x000000000800229c      0x228 Drivers/STM32G4xx_HAL_Driver/Src/stm32g4xx_hal_i2c.o
                0x000000000800229c                HAL_I2C_Mem_Write
 .text.HAL_I2C_Mem_Read
                0x00000000080024c4      0x234 Drivers/STM32G4xx_HAL_Driver/Src/stm32g4xx_hal_i2c.o
                0x00000000080024c4                HAL_I2C_Mem_Read
 .text.I2C_RequestMemoryWrite
                0x00000000080026f8       0xa8 Drivers/STM32G4xx_HAL_Driver/Src/stm32g4xx_hal_i2c.o
 .text.I2C_RequestMemoryRead
                0x00000000080027a0       0xa8 Drivers/STM32G4xx_HAL_Driver/Src/stm32g4xx_hal_i2c.o
 .text.I2C_Flush_TXDR
                0x0000000008002848       0x48 Drivers/STM32G4xx_HAL_Driver/Src/stm32g4xx_hal_i2c.o
 .text.I2C_WaitOnFlagUntilTimeout
                0x0000000008002890       0x80 Drivers/STM32G4xx_HAL_Driver/Src/stm32g4xx_hal_i2c.o
 .text.I2C_WaitOnTXISFlagUntilTimeout
                0x0000000008002910       0x80 Drivers/STM32G4xx_HAL_Driver/Src/stm32g4xx_hal_i2c.o
 .text.I2C_WaitOnSTOPFlagUntilTimeout
                0x0000000008002990       0x78 Drivers/STM32G4xx_HAL_Driver/Src/stm32g4xx_hal_i2c.o
 .text.I2C_IsAcknowledgeFailed
                0x0000000008002a08       0xcc Drivers/STM32G4xx_HAL_Driver/Src/stm32g4xx_hal_i2c.o
 .text.I2C_TransferConfig
                0x0000000008002ad4       0x5c Drivers/STM32G4xx_HAL_Driver/Src/stm32g4xx_hal_i2c.o
 .text.HAL_I2CEx_ConfigAnalogFilter
                0x0000000008002b30       0x96 Drivers/STM32G4xx_HAL_Driver/Src/stm32g4xx_hal_i2c_ex.o
                0x0000000008002b30                HAL_I2CEx_ConfigAnalogFilter
 .text.HAL_I2CEx_ConfigDigitalFilter
                0x0000000008002bc6       0x98 Drivers/STM32G4xx_HAL_Driver/Src/stm32g4xx_hal_i2c_ex.o
                0x0000000008002bc6                HAL_I2CEx_ConfigDigitalFilter
 *fill*         0x0000000008002c5e        0x2 
 .text.HAL_PWREx_ControlVoltageScaling
                0x0000000008002c60      0x148 Drivers/STM32G4xx_HAL_Driver/Src/stm32g4xx_hal_pwr_ex.o
                0x0000000008002c60                HAL_PWREx_ControlVoltageScaling
 .text.HAL_PWREx_DisableUCPDDeadBattery
                0x0000000008002da8       0x20 Drivers/STM32G4xx_HAL_Driver/Src/stm32g4xx_hal_pwr_ex.o
                0x0000000008002da8                HAL_PWREx_DisableUCPDDeadBattery
 .text.HAL_RCC_OscConfig
                0x0000000008002dc8      0x630 Drivers/STM32G4xx_HAL_Driver/Src/stm32g4xx_hal_rcc.o
                0x0000000008002dc8                HAL_RCC_OscConfig
 .text.HAL_RCC_ClockConfig
                0x00000000080033f8      0x278 Drivers/STM32G4xx_HAL_Driver/Src/stm32g4xx_hal_rcc.o
                0x00000000080033f8                HAL_RCC_ClockConfig
 .text.HAL_RCC_GetSysClockFreq
                0x0000000008003670       0xc4 Drivers/STM32G4xx_HAL_Driver/Src/stm32g4xx_hal_rcc.o
                0x0000000008003670                HAL_RCC_GetSysClockFreq
 .text.HAL_RCC_GetHCLKFreq
                0x0000000008003734       0x18 Drivers/STM32G4xx_HAL_Driver/Src/stm32g4xx_hal_rcc.o
                0x0000000008003734                HAL_RCC_GetHCLKFreq
 .text.HAL_RCC_GetPCLK1Freq
                0x000000000800374c       0x2c Drivers/STM32G4xx_HAL_Driver/Src/stm32g4xx_hal_rcc.o
                0x000000000800374c                HAL_RCC_GetPCLK1Freq
 .text.HAL_RCC_GetPCLK2Freq
                0x0000000008003778       0x2c Drivers/STM32G4xx_HAL_Driver/Src/stm32g4xx_hal_rcc.o
                0x0000000008003778                HAL_RCC_GetPCLK2Freq
 .text.RCC_GetSysClockFreqFromPLLSource
                0x00000000080037a4       0x8c Drivers/STM32G4xx_HAL_Driver/Src/stm32g4xx_hal_rcc.o
 .text.HAL_RCCEx_PeriphCLKConfig
                0x0000000008003830      0x3e0 Drivers/STM32G4xx_HAL_Driver/Src/stm32g4xx_hal_rcc_ex.o
                0x0000000008003830                HAL_RCCEx_PeriphCLKConfig
 .text.HAL_UART_Init
                0x0000000008003c10       0xa0 Drivers/STM32G4xx_HAL_Driver/Src/stm32g4xx_hal_uart.o
                0x0000000008003c10                HAL_UART_Init
 .text.HAL_UART_Transmit
                0x0000000008003cb0      0x12c Drivers/STM32G4xx_HAL_Driver/Src/stm32g4xx_hal_uart.o
                0x0000000008003cb0                HAL_UART_Transmit
 .text.HAL_UART_Receive
                0x0000000008003ddc      0x1a0 Drivers/STM32G4xx_HAL_Driver/Src/stm32g4xx_hal_uart.o
                0x0000000008003ddc                HAL_UART_Receive
 .text.UART_SetConfig
                0x0000000008003f7c      0x550 Drivers/STM32G4xx_HAL_Driver/Src/stm32g4xx_hal_uart.o
                0x0000000008003f7c                UART_SetConfig
 .text.UART_AdvFeatureConfig
                0x00000000080044cc      0x144 Drivers/STM32G4xx_HAL_Driver/Src/stm32g4xx_hal_uart.o
                0x00000000080044cc                UART_AdvFeatureConfig
 .text.UART_CheckIdleState
                0x0000000008004610       0x90 Drivers/STM32G4xx_HAL_Driver/Src/stm32g4xx_hal_uart.o
                0x0000000008004610                UART_CheckIdleState
 .text.UART_WaitOnFlagUntilTimeout
                0x00000000080046a0      0x100 Drivers/STM32G4xx_HAL_Driver/Src/stm32g4xx_hal_uart.o
                0x00000000080046a0                UART_WaitOnFlagUntilTimeout
 .text.HAL_UARTEx_DisableFifoMode
                0x00000000080047a0       0x72 Drivers/STM32G4xx_HAL_Driver/Src/stm32g4xx_hal_uart_ex.o
                0x00000000080047a0                HAL_UARTEx_DisableFifoMode
 .text.HAL_UARTEx_SetTxFifoThreshold
                0x0000000008004812       0x7c Drivers/STM32G4xx_HAL_Driver/Src/stm32g4xx_hal_uart_ex.o
                0x0000000008004812                HAL_UARTEx_SetTxFifoThreshold
 .text.HAL_UARTEx_SetRxFifoThreshold
                0x000000000800488e       0x7c Drivers/STM32G4xx_HAL_Driver/Src/stm32g4xx_hal_uart_ex.o
                0x000000000800488e                HAL_UARTEx_SetRxFifoThreshold
 *fill*         0x000000000800490a        0x2 
 .text.UARTEx_SetNbDataToProcess
                0x000000000800490c       0xd0 Drivers/STM32G4xx_HAL_Driver/Src/stm32g4xx_hal_uart_ex.o
 .text.__libc_init_array
                0x00000000080049dc       0x48 c:/st/stm32cubeide_1.3.0/stm32cubeide/plugins/com.st.stm32cube.ide.mcu.externaltools.gnu-tools-for-stm32.7-2018-q2-update.win32_1.5.0.202011040924/tools/bin/../lib/gcc/arm-none-eabi/7.3.1/../../../../arm-none-eabi/lib/thumb/v7e-m/fpv4-sp/hard\libc_nano.a(lib_a-init.o)
                0x00000000080049dc                __libc_init_array
 .text.memcpy   0x0000000008004a24       0x16 c:/st/stm32cubeide_1.3.0/stm32cubeide/plugins/com.st.stm32cube.ide.mcu.externaltools.gnu-tools-for-stm32.7-2018-q2-update.win32_1.5.0.202011040924/tools/bin/../lib/gcc/arm-none-eabi/7.3.1/../../../../arm-none-eabi/lib/thumb/v7e-m/fpv4-sp/hard\libc_nano.a(lib_a-memcpy-stub.o)
                0x0000000008004a24                memcpy
 .text.memset   0x0000000008004a3a       0x10 c:/st/stm32cubeide_1.3.0/stm32cubeide/plugins/com.st.stm32cube.ide.mcu.externaltools.gnu-tools-for-stm32.7-2018-q2-update.win32_1.5.0.202011040924/tools/bin/../lib/gcc/arm-none-eabi/7.3.1/../../../../arm-none-eabi/lib/thumb/v7e-m/fpv4-sp/hard\libc_nano.a(lib_a-memset.o)
                0x0000000008004a3a                memset
 *(.glue_7)
 .glue_7        0x0000000008004a4a        0x0 linker stubs
 *(.glue_7t)
 .glue_7t       0x0000000008004a4a        0x0 linker stubs
 *(.eh_frame)
 *fill*         0x0000000008004a4a        0x2 
 .eh_frame      0x0000000008004a4c        0x0 c:/st/stm32cubeide_1.3.0/stm32cubeide/plugins/com.st.stm32cube.ide.mcu.externaltools.gnu-tools-for-stm32.7-2018-q2-update.win32_1.5.0.202011040924/tools/bin/../lib/gcc/arm-none-eabi/7.3.1/thumb/v7e-m/fpv4-sp/hard/crtbegin.o
 *(.init)
 .init          0x0000000008004a4c        0x4 c:/st/stm32cubeide_1.3.0/stm32cubeide/plugins/com.st.stm32cube.ide.mcu.externaltools.gnu-tools-for-stm32.7-2018-q2-update.win32_1.5.0.202011040924/tools/bin/../lib/gcc/arm-none-eabi/7.3.1/thumb/v7e-m/fpv4-sp/hard/crti.o
                0x0000000008004a4c                _init
 .init          0x0000000008004a50        0x8 c:/st/stm32cubeide_1.3.0/stm32cubeide/plugins/com.st.stm32cube.ide.mcu.externaltools.gnu-tools-for-stm32.7-2018-q2-update.win32_1.5.0.202011040924/tools/bin/../lib/gcc/arm-none-eabi/7.3.1/thumb/v7e-m/fpv4-sp/hard/crtn.o
 *(.fini)
 .fini          0x0000000008004a58        0x4 c:/st/stm32cubeide_1.3.0/stm32cubeide/plugins/com.st.stm32cube.ide.mcu.externaltools.gnu-tools-for-stm32.7-2018-q2-update.win32_1.5.0.202011040924/tools/bin/../lib/gcc/arm-none-eabi/7.3.1/thumb/v7e-m/fpv4-sp/hard/crti.o
                0x0000000008004a58                _fini
 .fini          0x0000000008004a5c        0x8 c:/st/stm32cubeide_1.3.0/stm32cubeide/plugins/com.st.stm32cube.ide.mcu.externaltools.gnu-tools-for-stm32.7-2018-q2-update.win32_1.5.0.202011040924/tools/bin/../lib/gcc/arm-none-eabi/7.3.1/thumb/v7e-m/fpv4-sp/hard/crtn.o
                0x0000000008004a64                . = ALIGN (0x4)
                0x0000000008004a64                _etext = .

.vfp11_veneer   0x0000000008004a64        0x0
 .vfp11_veneer  0x0000000008004a64        0x0 linker stubs

.v4_bx          0x0000000008004a64        0x0
 .v4_bx         0x0000000008004a64        0x0 linker stubs

.iplt           0x0000000008004a64        0x0
 .iplt          0x0000000008004a64        0x0 c:/st/stm32cubeide_1.3.0/stm32cubeide/plugins/com.st.stm32cube.ide.mcu.externaltools.gnu-tools-for-stm32.7-2018-q2-update.win32_1.5.0.202011040924/tools/bin/../lib/gcc/arm-none-eabi/7.3.1/thumb/v7e-m/fpv4-sp/hard/crtbegin.o

.rodata         0x0000000008004a64       0x4c
                0x0000000008004a64                . = ALIGN (0x4)
 *(.rodata)
 .rodata        0x0000000008004a64        0xa Core/Src/main.o
 *fill*         0x0000000008004a6e        0x2 
 .rodata        0x0000000008004a70       0x10 Drivers/STM32G4xx_HAL_Driver/Src/stm32g4xx_hal_uart_ex.o
 *(.rodata*)
 .rodata.AHBPrescTable
                0x0000000008004a80       0x10 Core/Src/system_stm32g4xx.o
                0x0000000008004a80                AHBPrescTable
 .rodata.APBPrescTable
                0x0000000008004a90        0x8 Core/Src/system_stm32g4xx.o
                0x0000000008004a90                APBPrescTable
 .rodata.UARTPrescTable
                0x0000000008004a98       0x18 Drivers/STM32G4xx_HAL_Driver/Src/stm32g4xx_hal_uart.o
                0x0000000008004a98                UARTPrescTable
                0x0000000008004ab0                . = ALIGN (0x4)

.ARM.extab      0x0000000008004ab0        0x0
                0x0000000008004ab0                . = ALIGN (0x4)
 *(.ARM.extab* .gnu.linkonce.armextab.*)
                0x0000000008004ab0                . = ALIGN (0x4)

.ARM            0x0000000008004ab0        0x8
                0x0000000008004ab0                . = ALIGN (0x4)
                0x0000000008004ab0                __exidx_start = .
 *(.ARM.exidx*)
 .ARM.exidx     0x0000000008004ab0        0x8 c:/st/stm32cubeide_1.3.0/stm32cubeide/plugins/com.st.stm32cube.ide.mcu.externaltools.gnu-tools-for-stm32.7-2018-q2-update.win32_1.5.0.202011040924/tools/bin/../lib/gcc/arm-none-eabi/7.3.1/thumb/v7e-m/fpv4-sp/hard\libgcc.a(_udivmoddi4.o)
                0x0000000008004ab8                __exidx_end = .
                0x0000000008004ab8                . = ALIGN (0x4)

.rel.dyn        0x0000000008004ab8        0x0
 .rel.iplt      0x0000000008004ab8        0x0 c:/st/stm32cubeide_1.3.0/stm32cubeide/plugins/com.st.stm32cube.ide.mcu.externaltools.gnu-tools-for-stm32.7-2018-q2-update.win32_1.5.0.202011040924/tools/bin/../lib/gcc/arm-none-eabi/7.3.1/thumb/v7e-m/fpv4-sp/hard/crtbegin.o

.preinit_array  0x0000000008004ab8        0x0
                0x0000000008004ab8                . = ALIGN (0x4)
                0x0000000008004ab8                PROVIDE (__preinit_array_start = .)
 *(.preinit_array*)
                0x0000000008004ab8                PROVIDE (__preinit_array_end = .)
                0x0000000008004ab8                . = ALIGN (0x4)

.init_array     0x0000000008004ab8        0x4
                0x0000000008004ab8                . = ALIGN (0x4)
                0x0000000008004ab8                PROVIDE (__init_array_start = .)
 *(SORT_BY_NAME(.init_array.*))
 *(.init_array*)
 .init_array    0x0000000008004ab8        0x4 c:/st/stm32cubeide_1.3.0/stm32cubeide/plugins/com.st.stm32cube.ide.mcu.externaltools.gnu-tools-for-stm32.7-2018-q2-update.win32_1.5.0.202011040924/tools/bin/../lib/gcc/arm-none-eabi/7.3.1/thumb/v7e-m/fpv4-sp/hard/crtbegin.o
                0x0000000008004abc                PROVIDE (__init_array_end = .)
                0x0000000008004abc                . = ALIGN (0x4)

.fini_array     0x0000000008004abc        0x4
                0x0000000008004abc                . = ALIGN (0x4)
                [!provide]                        PROVIDE (__fini_array_start = .)
 *(SORT_BY_NAME(.fini_array.*))
 *(.fini_array*)
 .fini_array    0x0000000008004abc        0x4 c:/st/stm32cubeide_1.3.0/stm32cubeide/plugins/com.st.stm32cube.ide.mcu.externaltools.gnu-tools-for-stm32.7-2018-q2-update.win32_1.5.0.202011040924/tools/bin/../lib/gcc/arm-none-eabi/7.3.1/thumb/v7e-m/fpv4-sp/hard/crtbegin.o
                [!provide]                        PROVIDE (__fini_array_end = .)
                0x0000000008004ac0                . = ALIGN (0x4)
                0x0000000008004ac0                _sidata = LOADADDR (.data)

.data           0x0000000020000000        0xc load address 0x0000000008004ac0
                0x0000000020000000                . = ALIGN (0x4)
                0x0000000020000000                _sdata = .
 *(.data)
 *(.data*)
 .data.SystemCoreClock
                0x0000000020000000        0x4 Core/Src/system_stm32g4xx.o
                0x0000000020000000                SystemCoreClock
 .data.uwTickPrio
                0x0000000020000004        0x4 Drivers/STM32G4xx_HAL_Driver/Src/stm32g4xx_hal.o
                0x0000000020000004                uwTickPrio
 .data.uwTickFreq
                0x0000000020000008        0x4 Drivers/STM32G4xx_HAL_Driver/Src/stm32g4xx_hal.o
                0x0000000020000008                uwTickFreq
                0x000000002000000c                . = ALIGN (0x4)
                0x000000002000000c                _edata = .

.igot.plt       0x000000002000000c        0x0 load address 0x0000000008004acc
 .igot.plt      0x000000002000000c        0x0 c:/st/stm32cubeide_1.3.0/stm32cubeide/plugins/com.st.stm32cube.ide.mcu.externaltools.gnu-tools-for-stm32.7-2018-q2-update.win32_1.5.0.202011040924/tools/bin/../lib/gcc/arm-none-eabi/7.3.1/thumb/v7e-m/fpv4-sp/hard/crtbegin.o
                0x000000002000000c                . = ALIGN (0x4)

.bss            0x000000002000000c      0x118 load address 0x0000000008004acc
                0x000000002000000c                _sbss = .
                0x000000002000000c                __bss_start__ = _sbss
 *(.bss)
 .bss           0x000000002000000c       0x1c c:/st/stm32cubeide_1.3.0/stm32cubeide/plugins/com.st.stm32cube.ide.mcu.externaltools.gnu-tools-for-stm32.7-2018-q2-update.win32_1.5.0.202011040924/tools/bin/../lib/gcc/arm-none-eabi/7.3.1/thumb/v7e-m/fpv4-sp/hard/crtbegin.o
 *(.bss*)
 .bss.data_raw_acceleration
                0x0000000020000028        0x6 Custom_libraries/Src/ism330dhcx_hal.o
 *fill*         0x000000002000002e        0x2 
 .bss.data_raw_angular_rate
                0x0000000020000030        0x6 Custom_libraries/Src/ism330dhcx_hal.o
 .bss.data_raw_temperature
                0x0000000020000036        0x2 Custom_libraries/Src/ism330dhcx_hal.o
 *(COMMON)
 COMMON         0x0000000020000038       0xe4 Core/Src/main.o
                0x0000000020000038                hi2c1
                0x0000000020000084                hism330
                0x0000000020000090                huart2
 COMMON         0x000000002000011c        0x2 Custom_libraries/Src/ism330dhcx_hal.o
                0x000000002000011c                whoamI
                0x000000002000011d                rst
 *fill*         0x000000002000011e        0x2 
 COMMON         0x0000000020000120        0x4 Drivers/STM32G4xx_HAL_Driver/Src/stm32g4xx_hal.o
                0x0000000020000120                uwTick
                0x0000000020000124                . = ALIGN (0x4)
                0x0000000020000124                _ebss = .
                0x0000000020000124                __bss_end__ = _ebss

._user_heap_stack
                0x0000000020000124      0x604 load address 0x0000000008004acc
                0x0000000020000128                . = ALIGN (0x8)
 *fill*         0x0000000020000124        0x4 
                [!provide]                        PROVIDE (end = .)
                0x0000000020000128                PROVIDE (_end = .)
                0x0000000020000328                . = (. + _Min_Heap_Size)
 *fill*         0x0000000020000128      0x200 
                0x0000000020000728                . = (. + _Min_Stack_Size)
 *fill*         0x0000000020000328      0x400 
                0x0000000020000728                . = ALIGN (0x8)

/DISCARD/
 libc.a(*)
 libm.a(*)
 libgcc.a(*)

.ARM.attributes
                0x0000000000000000       0x30
 *(.ARM.attributes)
 .ARM.attributes
                0x0000000000000000       0x22 c:/st/stm32cubeide_1.3.0/stm32cubeide/plugins/com.st.stm32cube.ide.mcu.externaltools.gnu-tools-for-stm32.7-2018-q2-update.win32_1.5.0.202011040924/tools/bin/../lib/gcc/arm-none-eabi/7.3.1/thumb/v7e-m/fpv4-sp/hard/crti.o
 .ARM.attributes
                0x0000000000000022       0x34 c:/st/stm32cubeide_1.3.0/stm32cubeide/plugins/com.st.stm32cube.ide.mcu.externaltools.gnu-tools-for-stm32.7-2018-q2-update.win32_1.5.0.202011040924/tools/bin/../lib/gcc/arm-none-eabi/7.3.1/thumb/v7e-m/fpv4-sp/hard/crtbegin.o
 .ARM.attributes
                0x0000000000000056       0x39 Core/Src/main.o
 .ARM.attributes
                0x000000000000008f       0x39 Core/Src/stm32g4xx_hal_msp.o
 .ARM.attributes
                0x00000000000000c8       0x39 Core/Src/stm32g4xx_it.o
 .ARM.attributes
                0x0000000000000101       0x39 Core/Src/system_stm32g4xx.o
 .ARM.attributes
                0x000000000000013a       0x21 Core/Startup/startup_stm32g431kbtx.o
 .ARM.attributes
                0x000000000000015b       0x39 Custom_libraries/Src/ism330dhcx_hal.o
 .ARM.attributes
                0x0000000000000194       0x39 Custom_libraries/Src/ism330dhcx_ll.o
 .ARM.attributes
                0x00000000000001cd       0x39 Drivers/STM32G4xx_HAL_Driver/Src/stm32g4xx_hal.o
 .ARM.attributes
                0x0000000000000206       0x39 Drivers/STM32G4xx_HAL_Driver/Src/stm32g4xx_hal_cortex.o
 .ARM.attributes
                0x000000000000023f       0x39 Drivers/STM32G4xx_HAL_Driver/Src/stm32g4xx_hal_gpio.o
 .ARM.attributes
                0x0000000000000278       0x39 Drivers/STM32G4xx_HAL_Driver/Src/stm32g4xx_hal_i2c.o
 .ARM.attributes
                0x00000000000002b1       0x39 Drivers/STM32G4xx_HAL_Driver/Src/stm32g4xx_hal_i2c_ex.o
 .ARM.attributes
                0x00000000000002ea       0x39 Drivers/STM32G4xx_HAL_Driver/Src/stm32g4xx_hal_pwr_ex.o
 .ARM.attributes
                0x0000000000000323       0x39 Drivers/STM32G4xx_HAL_Driver/Src/stm32g4xx_hal_rcc.o
 .ARM.attributes
                0x000000000000035c       0x39 Drivers/STM32G4xx_HAL_Driver/Src/stm32g4xx_hal_rcc_ex.o
 .ARM.attributes
                0x0000000000000395       0x39 Drivers/STM32G4xx_HAL_Driver/Src/stm32g4xx_hal_uart.o
 .ARM.attributes
                0x00000000000003ce       0x39 Drivers/STM32G4xx_HAL_Driver/Src/stm32g4xx_hal_uart_ex.o
 .ARM.attributes
                0x0000000000000407       0x34 c:/st/stm32cubeide_1.3.0/stm32cubeide/plugins/com.st.stm32cube.ide.mcu.externaltools.gnu-tools-for-stm32.7-2018-q2-update.win32_1.5.0.202011040924/tools/bin/../lib/gcc/arm-none-eabi/7.3.1/../../../../arm-none-eabi/lib/thumb/v7e-m/fpv4-sp/hard\libc_nano.a(lib_a-init.o)
 .ARM.attributes
                0x000000000000043b       0x34 c:/st/stm32cubeide_1.3.0/stm32cubeide/plugins/com.st.stm32cube.ide.mcu.externaltools.gnu-tools-for-stm32.7-2018-q2-update.win32_1.5.0.202011040924/tools/bin/../lib/gcc/arm-none-eabi/7.3.1/../../../../arm-none-eabi/lib/thumb/v7e-m/fpv4-sp/hard\libc_nano.a(lib_a-memcpy-stub.o)
 .ARM.attributes
                0x000000000000046f       0x34 c:/st/stm32cubeide_1.3.0/stm32cubeide/plugins/com.st.stm32cube.ide.mcu.externaltools.gnu-tools-for-stm32.7-2018-q2-update.win32_1.5.0.202011040924/tools/bin/../lib/gcc/arm-none-eabi/7.3.1/../../../../arm-none-eabi/lib/thumb/v7e-m/fpv4-sp/hard\libc_nano.a(lib_a-memset.o)
 .ARM.attributes
                0x00000000000004a3       0x22 c:/st/stm32cubeide_1.3.0/stm32cubeide/plugins/com.st.stm32cube.ide.mcu.externaltools.gnu-tools-for-stm32.7-2018-q2-update.win32_1.5.0.202011040924/tools/bin/../lib/gcc/arm-none-eabi/7.3.1/thumb/v7e-m/fpv4-sp/hard\libgcc.a(_aeabi_uldivmod.o)
 .ARM.attributes
                0x00000000000004c5       0x34 c:/st/stm32cubeide_1.3.0/stm32cubeide/plugins/com.st.stm32cube.ide.mcu.externaltools.gnu-tools-for-stm32.7-2018-q2-update.win32_1.5.0.202011040924/tools/bin/../lib/gcc/arm-none-eabi/7.3.1/thumb/v7e-m/fpv4-sp/hard\libgcc.a(_udivmoddi4.o)
 .ARM.attributes
                0x00000000000004f9       0x22 c:/st/stm32cubeide_1.3.0/stm32cubeide/plugins/com.st.stm32cube.ide.mcu.externaltools.gnu-tools-for-stm32.7-2018-q2-update.win32_1.5.0.202011040924/tools/bin/../lib/gcc/arm-none-eabi/7.3.1/thumb/v7e-m/fpv4-sp/hard\libgcc.a(_dvmd_tls.o)
 .ARM.attributes
                0x000000000000051b       0x22 c:/st/stm32cubeide_1.3.0/stm32cubeide/plugins/com.st.stm32cube.ide.mcu.externaltools.gnu-tools-for-stm32.7-2018-q2-update.win32_1.5.0.202011040924/tools/bin/../lib/gcc/arm-none-eabi/7.3.1/thumb/v7e-m/fpv4-sp/hard/crtn.o
OUTPUT(test_ism330dhcx.elf elf32-littlearm)

.debug_info     0x0000000000000000    0x109f1
 .debug_info    0x0000000000000000     0x1caf Core/Src/main.o
 .debug_info    0x0000000000001caf     0x1011 Core/Src/stm32g4xx_hal_msp.o
 .debug_info    0x0000000000002cc0      0x32f Core/Src/stm32g4xx_it.o
 .debug_info    0x0000000000002fef      0x6eb Core/Src/system_stm32g4xx.o
 .debug_info    0x00000000000036da       0x22 Core/Startup/startup_stm32g431kbtx.o
 .debug_info    0x00000000000036fc     0x1692 Custom_libraries/Src/ism330dhcx_hal.o
 .debug_info    0x0000000000004d8e     0x1d17 Custom_libraries/Src/ism330dhcx_ll.o
 .debug_info    0x0000000000006aa5      0xbe6 Drivers/STM32G4xx_HAL_Driver/Src/stm32g4xx_hal.o
 .debug_info    0x000000000000768b      0xef7 Drivers/STM32G4xx_HAL_Driver/Src/stm32g4xx_hal_cortex.o
 .debug_info    0x0000000000008582      0x99e Drivers/STM32G4xx_HAL_Driver/Src/stm32g4xx_hal_gpio.o
 .debug_info    0x0000000000008f20     0x21e3 Drivers/STM32G4xx_HAL_Driver/Src/stm32g4xx_hal_i2c.o
 .debug_info    0x000000000000b103      0xc62 Drivers/STM32G4xx_HAL_Driver/Src/stm32g4xx_hal_i2c_ex.o
 .debug_info    0x000000000000bd65      0xad8 Drivers/STM32G4xx_HAL_Driver/Src/stm32g4xx_hal_pwr_ex.o
 .debug_info    0x000000000000c83d      0xccb Drivers/STM32G4xx_HAL_Driver/Src/stm32g4xx_hal_rcc.o
 .debug_info    0x000000000000d508      0xdb8 Drivers/STM32G4xx_HAL_Driver/Src/stm32g4xx_hal_rcc_ex.o
 .debug_info    0x000000000000e2c0     0x1a91 Drivers/STM32G4xx_HAL_Driver/Src/stm32g4xx_hal_uart.o
 .debug_info    0x000000000000fd51      0xca0 Drivers/STM32G4xx_HAL_Driver/Src/stm32g4xx_hal_uart_ex.o

.debug_abbrev   0x0000000000000000     0x208f
 .debug_abbrev  0x0000000000000000      0x2b3 Core/Src/main.o
 .debug_abbrev  0x00000000000002b3      0x197 Core/Src/stm32g4xx_hal_msp.o
 .debug_abbrev  0x000000000000044a       0xe2 Core/Src/stm32g4xx_it.o
 .debug_abbrev  0x000000000000052c      0x147 Core/Src/system_stm32g4xx.o
 .debug_abbrev  0x0000000000000673       0x12 Core/Startup/startup_stm32g431kbtx.o
 .debug_abbrev  0x0000000000000685      0x292 Custom_libraries/Src/ism330dhcx_hal.o
 .debug_abbrev  0x0000000000000917      0x2af Custom_libraries/Src/ism330dhcx_ll.o
 .debug_abbrev  0x0000000000000bc6      0x1fb Drivers/STM32G4xx_HAL_Driver/Src/stm32g4xx_hal.o
 .debug_abbrev  0x0000000000000dc1      0x2f1 Drivers/STM32G4xx_HAL_Driver/Src/stm32g4xx_hal_cortex.o
 .debug_abbrev  0x00000000000010b2      0x1c0 Drivers/STM32G4xx_HAL_Driver/Src/stm32g4xx_hal_gpio.o
 .debug_abbrev  0x0000000000001272      0x22a Drivers/STM32G4xx_HAL_Driver/Src/stm32g4xx_hal_i2c.o
 .debug_abbrev  0x000000000000149c      0x1b9 Drivers/STM32G4xx_HAL_Driver/Src/stm32g4xx_hal_i2c_ex.o
 .debug_abbrev  0x0000000000001655      0x1fd Drivers/STM32G4xx_HAL_Driver/Src/stm32g4xx_hal_pwr_ex.o
 .debug_abbrev  0x0000000000001852      0x245 Drivers/STM32G4xx_HAL_Driver/Src/stm32g4xx_hal_rcc.o
 .debug_abbrev  0x0000000000001a97      0x204 Drivers/STM32G4xx_HAL_Driver/Src/stm32g4xx_hal_rcc_ex.o
 .debug_abbrev  0x0000000000001c9b      0x212 Drivers/STM32G4xx_HAL_Driver/Src/stm32g4xx_hal_uart.o
 .debug_abbrev  0x0000000000001ead      0x1e2 Drivers/STM32G4xx_HAL_Driver/Src/stm32g4xx_hal_uart_ex.o

.debug_aranges  0x0000000000000000      0xd78
 .debug_aranges
                0x0000000000000000       0x60 Core/Src/main.o
 .debug_aranges
                0x0000000000000060       0x40 Core/Src/stm32g4xx_hal_msp.o
 .debug_aranges
                0x00000000000000a0       0x60 Core/Src/stm32g4xx_it.o
 .debug_aranges
                0x0000000000000100       0x28 Core/Src/system_stm32g4xx.o
 .debug_aranges
                0x0000000000000128       0x28 Core/Startup/startup_stm32g431kbtx.o
 .debug_aranges
                0x0000000000000150       0x40 Custom_libraries/Src/ism330dhcx_hal.o
 .debug_aranges
                0x0000000000000190      0x130 Custom_libraries/Src/ism330dhcx_ll.o
 .debug_aranges
                0x00000000000002c0      0x130 Drivers/STM32G4xx_HAL_Driver/Src/stm32g4xx_hal.o
 .debug_aranges
                0x00000000000003f0      0x118 Drivers/STM32G4xx_HAL_Driver/Src/stm32g4xx_hal_cortex.o
 .debug_aranges
                0x0000000000000508       0x58 Drivers/STM32G4xx_HAL_Driver/Src/stm32g4xx_hal_gpio.o
 .debug_aranges
                0x0000000000000560      0x290 Drivers/STM32G4xx_HAL_Driver/Src/stm32g4xx_hal_i2c.o
 .debug_aranges
                0x00000000000007f0       0x48 Drivers/STM32G4xx_HAL_Driver/Src/stm32g4xx_hal_i2c_ex.o
 .debug_aranges
                0x0000000000000838      0x140 Drivers/STM32G4xx_HAL_Driver/Src/stm32g4xx_hal_pwr_ex.o
 .debug_aranges
                0x0000000000000978       0x98 Drivers/STM32G4xx_HAL_Driver/Src/stm32g4xx_hal_rcc.o
 .debug_aranges
                0x0000000000000a10       0xb0 Drivers/STM32G4xx_HAL_Driver/Src/stm32g4xx_hal_rcc_ex.o
 .debug_aranges
                0x0000000000000ac0      0x230 Drivers/STM32G4xx_HAL_Driver/Src/stm32g4xx_hal_uart.o
 .debug_aranges
                0x0000000000000cf0       0x88 Drivers/STM32G4xx_HAL_Driver/Src/stm32g4xx_hal_uart_ex.o

.debug_ranges   0x0000000000000000      0xc70
 .debug_ranges  0x0000000000000000       0x50 Core/Src/main.o
 .debug_ranges  0x0000000000000050       0x30 Core/Src/stm32g4xx_hal_msp.o
 .debug_ranges  0x0000000000000080       0x50 Core/Src/stm32g4xx_it.o
 .debug_ranges  0x00000000000000d0       0x18 Core/Src/system_stm32g4xx.o
 .debug_ranges  0x00000000000000e8       0x20 Core/Startup/startup_stm32g431kbtx.o
 .debug_ranges  0x0000000000000108       0x30 Custom_libraries/Src/ism330dhcx_hal.o
 .debug_ranges  0x0000000000000138      0x120 Custom_libraries/Src/ism330dhcx_ll.o
 .debug_ranges  0x0000000000000258      0x120 Drivers/STM32G4xx_HAL_Driver/Src/stm32g4xx_hal.o
 .debug_ranges  0x0000000000000378      0x108 Drivers/STM32G4xx_HAL_Driver/Src/stm32g4xx_hal_cortex.o
 .debug_ranges  0x0000000000000480       0x48 Drivers/STM32G4xx_HAL_Driver/Src/stm32g4xx_hal_gpio.o
 .debug_ranges  0x00000000000004c8      0x280 Drivers/STM32G4xx_HAL_Driver/Src/stm32g4xx_hal_i2c.o
 .debug_ranges  0x0000000000000748       0x38 Drivers/STM32G4xx_HAL_Driver/Src/stm32g4xx_hal_i2c_ex.o
 .debug_ranges  0x0000000000000780      0x130 Drivers/STM32G4xx_HAL_Driver/Src/stm32g4xx_hal_pwr_ex.o
 .debug_ranges  0x00000000000008b0       0x88 Drivers/STM32G4xx_HAL_Driver/Src/stm32g4xx_hal_rcc.o
 .debug_ranges  0x0000000000000938       0xa0 Drivers/STM32G4xx_HAL_Driver/Src/stm32g4xx_hal_rcc_ex.o
 .debug_ranges  0x00000000000009d8      0x220 Drivers/STM32G4xx_HAL_Driver/Src/stm32g4xx_hal_uart.o
 .debug_ranges  0x0000000000000bf8       0x78 Drivers/STM32G4xx_HAL_Driver/Src/stm32g4xx_hal_uart_ex.o

.debug_macro    0x0000000000000000    0x1e41f
 .debug_macro   0x0000000000000000      0x391 Core/Src/main.o
 .debug_macro   0x0000000000000391      0xa5a Core/Src/main.o
 .debug_macro   0x0000000000000deb      0x15b Core/Src/main.o
 .debug_macro   0x0000000000000f46       0x2e Core/Src/main.o
 .debug_macro   0x0000000000000f74       0x28 Core/Src/main.o
 .debug_macro   0x0000000000000f9c       0x22 Core/Src/main.o
 .debug_macro   0x0000000000000fbe       0x8e Core/Src/main.o
 .debug_macro   0x000000000000104c       0x51 Core/Src/main.o
 .debug_macro   0x000000000000109d       0xef Core/Src/main.o
 .debug_macro   0x000000000000118c       0x6a Core/Src/main.o
 .debug_macro   0x00000000000011f6      0x1df Core/Src/main.o
 .debug_macro   0x00000000000013d5       0x1c Core/Src/main.o
 .debug_macro   0x00000000000013f1       0x22 Core/Src/main.o
 .debug_macro   0x0000000000001413      0x101 Core/Src/main.o
 .debug_macro   0x0000000000001514     0x1011 Core/Src/main.o
 .debug_macro   0x0000000000002525      0x11f Core/Src/main.o
 .debug_macro   0x0000000000002644    0x1138f Core/Src/main.o
 .debug_macro   0x00000000000139d3       0x43 Core/Src/main.o
 .debug_macro   0x0000000000013a16     0x34ed Core/Src/main.o
 .debug_macro   0x0000000000016f03      0x174 Core/Src/main.o
 .debug_macro   0x0000000000017077       0x5a Core/Src/main.o
 .debug_macro   0x00000000000170d1     0x13de Core/Src/main.o
 .debug_macro   0x00000000000184af      0x535 Core/Src/main.o
 .debug_macro   0x00000000000189e4      0x137 Core/Src/main.o
 .debug_macro   0x0000000000018b1b      0x289 Core/Src/main.o
 .debug_macro   0x0000000000018da4      0x41d Core/Src/main.o
 .debug_macro   0x00000000000191c1      0x18b Core/Src/main.o
 .debug_macro   0x000000000001934c       0x43 Core/Src/main.o
 .debug_macro   0x000000000001938f      0x23d Core/Src/main.o
 .debug_macro   0x00000000000195cc      0x212 Core/Src/main.o
 .debug_macro   0x00000000000197de      0x401 Core/Src/main.o
 .debug_macro   0x0000000000019bdf      0x107 Core/Src/main.o
 .debug_macro   0x0000000000019ce6      0x22c Core/Src/main.o
 .debug_macro   0x0000000000019f12       0x61 Core/Src/main.o
 .debug_macro   0x0000000000019f73       0xa5 Core/Src/main.o
 .debug_macro   0x000000000001a018      0x122 Core/Src/main.o
 .debug_macro   0x000000000001a13a      0x3d1 Core/Src/main.o
 .debug_macro   0x000000000001a50b      0x662 Core/Src/main.o
 .debug_macro   0x000000000001ab6d       0xa6 Core/Src/main.o
 .debug_macro   0x000000000001ac13      0x307 Core/Src/main.o
 .debug_macro   0x000000000001af1a       0x4c Core/Src/main.o
 .debug_macro   0x000000000001af66       0x46 Core/Src/main.o
 .debug_macro   0x000000000001afac       0x18 Core/Src/main.o
 .debug_macro   0x000000000001afc4       0x3c Core/Src/main.o
 .debug_macro   0x000000000001b000       0x34 Core/Src/main.o
 .debug_macro   0x000000000001b034       0x52 Core/Src/main.o
 .debug_macro   0x000000000001b086       0x1f Core/Src/main.o
 .debug_macro   0x000000000001b0a5       0x43 Core/Src/main.o
 .debug_macro   0x000000000001b0e8       0x20 Core/Src/main.o
 .debug_macro   0x000000000001b108      0x1a3 Core/Src/main.o
 .debug_macro   0x000000000001b2ab      0x32a Core/Src/main.o
 .debug_macro   0x000000000001b5d5      0x1e1 Core/Src/main.o
 .debug_macro   0x000000000001b7b6      0x232 Core/Src/main.o
 .debug_macro   0x000000000001b9e8       0x1c Core/Src/main.o
 .debug_macro   0x000000000001ba04       0x35 Core/Src/main.o
 .debug_macro   0x000000000001ba39       0x10 Core/Src/main.o
 .debug_macro   0x000000000001ba49       0x10 Core/Src/main.o
 .debug_macro   0x000000000001ba59       0x1c Core/Src/main.o
 .debug_macro   0x000000000001ba75       0x52 Core/Src/main.o
 .debug_macro   0x000000000001bac7       0x40 Core/Src/main.o
 .debug_macro   0x000000000001bb07       0x10 Core/Src/main.o
 .debug_macro   0x000000000001bb17       0x40 Core/Src/main.o
 .debug_macro   0x000000000001bb57       0xd7 Core/Src/main.o
 .debug_macro   0x000000000001bc2e       0x1c Core/Src/main.o
 .debug_macro   0x000000000001bc4a       0x3d Core/Src/main.o
 .debug_macro   0x000000000001bc87       0x16 Core/Src/main.o
 .debug_macro   0x000000000001bc9d      0x145 Core/Src/main.o
 .debug_macro   0x000000000001bde2       0x10 Core/Src/main.o
 .debug_macro   0x000000000001bdf2       0x16 Core/Src/main.o
 .debug_macro   0x000000000001be08       0x20 Core/Src/main.o
 .debug_macro   0x000000000001be28      0x1e2 Core/Src/stm32g4xx_hal_msp.o
 .debug_macro   0x000000000001c00a      0x1ec Core/Src/stm32g4xx_it.o
 .debug_macro   0x000000000001c1f6      0x1d9 Core/Src/system_stm32g4xx.o
 .debug_macro   0x000000000001c3cf      0x3a3 Custom_libraries/Src/ism330dhcx_hal.o
 .debug_macro   0x000000000001c772       0xfb Custom_libraries/Src/ism330dhcx_hal.o
 .debug_macro   0x000000000001c86d       0x54 Custom_libraries/Src/ism330dhcx_hal.o
 .debug_macro   0x000000000001c8c1       0x16 Custom_libraries/Src/ism330dhcx_hal.o
 .debug_macro   0x000000000001c8d7      0x51a Custom_libraries/Src/ism330dhcx_hal.o
 .debug_macro   0x000000000001cdf1      0x1de Custom_libraries/Src/ism330dhcx_ll.o
 .debug_macro   0x000000000001cfcf      0x221 Drivers/STM32G4xx_HAL_Driver/Src/stm32g4xx_hal.o
 .debug_macro   0x000000000001d1f0      0x1d3 Drivers/STM32G4xx_HAL_Driver/Src/stm32g4xx_hal_cortex.o
 .debug_macro   0x000000000001d3c3      0x20b Drivers/STM32G4xx_HAL_Driver/Src/stm32g4xx_hal_gpio.o
 .debug_macro   0x000000000001d5ce      0x298 Drivers/STM32G4xx_HAL_Driver/Src/stm32g4xx_hal_i2c.o
 .debug_macro   0x000000000001d866      0x1d3 Drivers/STM32G4xx_HAL_Driver/Src/stm32g4xx_hal_i2c_ex.o
 .debug_macro   0x000000000001da39      0x1fd Drivers/STM32G4xx_HAL_Driver/Src/stm32g4xx_hal_pwr_ex.o
 .debug_macro   0x000000000001dc36      0x20f Drivers/STM32G4xx_HAL_Driver/Src/stm32g4xx_hal_rcc.o
 .debug_macro   0x000000000001de45      0x1fd Drivers/STM32G4xx_HAL_Driver/Src/stm32g4xx_hal_rcc_ex.o
 .debug_macro   0x000000000001e042      0x1fe Drivers/STM32G4xx_HAL_Driver/Src/stm32g4xx_hal_uart.o
 .debug_macro   0x000000000001e240      0x1df Drivers/STM32G4xx_HAL_Driver/Src/stm32g4xx_hal_uart_ex.o

.debug_line     0x0000000000000000     0xaf6a
 .debug_line    0x0000000000000000      0xa38 Core/Src/main.o
 .debug_line    0x0000000000000a38      0x743 Core/Src/stm32g4xx_hal_msp.o
 .debug_line    0x000000000000117b      0x780 Core/Src/stm32g4xx_it.o
 .debug_line    0x00000000000018fb      0x6f6 Core/Src/system_stm32g4xx.o
 .debug_line    0x0000000000001ff1       0x89 Core/Startup/startup_stm32g431kbtx.o
 .debug_line    0x000000000000207a      0x9d1 Custom_libraries/Src/ism330dhcx_hal.o
 .debug_line    0x0000000000002a4b      0x9ff Custom_libraries/Src/ism330dhcx_ll.o
 .debug_line    0x000000000000344a      0x97c Drivers/STM32G4xx_HAL_Driver/Src/stm32g4xx_hal.o
 .debug_line    0x0000000000003dc6      0xa04 Drivers/STM32G4xx_HAL_Driver/Src/stm32g4xx_hal_cortex.o
 .debug_line    0x00000000000047ca      0x87e Drivers/STM32G4xx_HAL_Driver/Src/stm32g4xx_hal_gpio.o
 .debug_line    0x0000000000005048     0x1abf Drivers/STM32G4xx_HAL_Driver/Src/stm32g4xx_hal_i2c.o
 .debug_line    0x0000000000006b07      0x820 Drivers/STM32G4xx_HAL_Driver/Src/stm32g4xx_hal_i2c_ex.o
 .debug_line    0x0000000000007327      0xa67 Drivers/STM32G4xx_HAL_Driver/Src/stm32g4xx_hal_pwr_ex.o
 .debug_line    0x0000000000007d8e      0x9bb Drivers/STM32G4xx_HAL_Driver/Src/stm32g4xx_hal_rcc.o
 .debug_line    0x0000000000008749      0xb65 Drivers/STM32G4xx_HAL_Driver/Src/stm32g4xx_hal_rcc_ex.o
 .debug_line    0x00000000000092ae     0x136f Drivers/STM32G4xx_HAL_Driver/Src/stm32g4xx_hal_uart.o
 .debug_line    0x000000000000a61d      0x94d Drivers/STM32G4xx_HAL_Driver/Src/stm32g4xx_hal_uart_ex.o

.debug_str      0x0000000000000000    0xbbd75
 .debug_str     0x0000000000000000    0xb6406 Core/Src/main.o
                                      0xb6861 (size before relaxing)
 .debug_str     0x00000000000b6406       0x77 Core/Src/stm32g4xx_hal_msp.o
                                      0xb13a6 (size before relaxing)
 .debug_str     0x00000000000b647d       0xbd Core/Src/stm32g4xx_it.o
                                      0xb0a9f (size before relaxing)
 .debug_str     0x00000000000b653a       0xc6 Core/Src/system_stm32g4xx.o
                                      0xb0ad8 (size before relaxing)
 .debug_str     0x00000000000b6600       0x36 Core/Startup/startup_stm32g431kbtx.o
                                         0x87 (size before relaxing)
 .debug_str     0x00000000000b6636     0x16c9 Custom_libraries/Src/ism330dhcx_hal.o
                                      0xb76ca (size before relaxing)
 .debug_str     0x00000000000b7cff      0xb1b Custom_libraries/Src/ism330dhcx_ll.o
                                       0xa16d (size before relaxing)
 .debug_str     0x00000000000b881a      0x9c9 Drivers/STM32G4xx_HAL_Driver/Src/stm32g4xx_hal.o
                                      0xb1596 (size before relaxing)
 .debug_str     0x00000000000b91e3      0x389 Drivers/STM32G4xx_HAL_Driver/Src/stm32g4xx_hal_cortex.o
                                      0xb129e (size before relaxing)
 .debug_str     0x00000000000b956c      0x21c Drivers/STM32G4xx_HAL_Driver/Src/stm32g4xx_hal_gpio.o
                                      0xb0d31 (size before relaxing)
 .debug_str     0x00000000000b9788      0xd49 Drivers/STM32G4xx_HAL_Driver/Src/stm32g4xx_hal_i2c.o
                                      0xb1cd4 (size before relaxing)
 .debug_str     0x00000000000ba4d1       0xb8 Drivers/STM32G4xx_HAL_Driver/Src/stm32g4xx_hal_i2c_ex.o
                                      0xb10d5 (size before relaxing)
 .debug_str     0x00000000000ba589      0x4d2 Drivers/STM32G4xx_HAL_Driver/Src/stm32g4xx_hal_pwr_ex.o
                                      0xb0fb7 (size before relaxing)
 .debug_str     0x00000000000baa5b      0x3a0 Drivers/STM32G4xx_HAL_Driver/Src/stm32g4xx_hal_rcc.o
                                      0xb103d (size before relaxing)
 .debug_str     0x00000000000badfb      0x3e9 Drivers/STM32G4xx_HAL_Driver/Src/stm32g4xx_hal_rcc_ex.o
                                      0xb1156 (size before relaxing)
 .debug_str     0x00000000000bb1e4      0x904 Drivers/STM32G4xx_HAL_Driver/Src/stm32g4xx_hal_uart.o
                                      0xb1892 (size before relaxing)
 .debug_str     0x00000000000bbae8      0x28d Drivers/STM32G4xx_HAL_Driver/Src/stm32g4xx_hal_uart_ex.o
                                      0xb1095 (size before relaxing)

.comment        0x0000000000000000       0x7b
 .comment       0x0000000000000000       0x7b Core/Src/main.o
                                         0x7c (size before relaxing)
 .comment       0x000000000000007b       0x7c Core/Src/stm32g4xx_hal_msp.o
 .comment       0x000000000000007b       0x7c Core/Src/stm32g4xx_it.o
 .comment       0x000000000000007b       0x7c Core/Src/system_stm32g4xx.o
 .comment       0x000000000000007b       0x7c Custom_libraries/Src/ism330dhcx_hal.o
 .comment       0x000000000000007b       0x7c Custom_libraries/Src/ism330dhcx_ll.o
 .comment       0x000000000000007b       0x7c Drivers/STM32G4xx_HAL_Driver/Src/stm32g4xx_hal.o
 .comment       0x000000000000007b       0x7c Drivers/STM32G4xx_HAL_Driver/Src/stm32g4xx_hal_cortex.o
 .comment       0x000000000000007b       0x7c Drivers/STM32G4xx_HAL_Driver/Src/stm32g4xx_hal_gpio.o
 .comment       0x000000000000007b       0x7c Drivers/STM32G4xx_HAL_Driver/Src/stm32g4xx_hal_i2c.o
 .comment       0x000000000000007b       0x7c Drivers/STM32G4xx_HAL_Driver/Src/stm32g4xx_hal_i2c_ex.o
 .comment       0x000000000000007b       0x7c Drivers/STM32G4xx_HAL_Driver/Src/stm32g4xx_hal_pwr_ex.o
 .comment       0x000000000000007b       0x7c Drivers/STM32G4xx_HAL_Driver/Src/stm32g4xx_hal_rcc.o
 .comment       0x000000000000007b       0x7c Drivers/STM32G4xx_HAL_Driver/Src/stm32g4xx_hal_rcc_ex.o
 .comment       0x000000000000007b       0x7c Drivers/STM32G4xx_HAL_Driver/Src/stm32g4xx_hal_uart.o
 .comment       0x000000000000007b       0x7c Drivers/STM32G4xx_HAL_Driver/Src/stm32g4xx_hal_uart_ex.o

.debug_frame    0x0000000000000000     0x37b4
 .debug_frame   0x0000000000000000      0x138 Core/Src/main.o
 .debug_frame   0x0000000000000138       0xc4 Core/Src/stm32g4xx_hal_msp.o
 .debug_frame   0x00000000000001fc      0x10c Core/Src/stm32g4xx_it.o
 .debug_frame   0x0000000000000308       0x58 Core/Src/system_stm32g4xx.o
 .debug_frame   0x0000000000000360       0xbc Custom_libraries/Src/ism330dhcx_hal.o
 .debug_frame   0x000000000000041c      0x53c Custom_libraries/Src/ism330dhcx_ll.o
 .debug_frame   0x0000000000000958      0x4a0 Drivers/STM32G4xx_HAL_Driver/Src/stm32g4xx_hal.o
 .debug_frame   0x0000000000000df8      0x498 Drivers/STM32G4xx_HAL_Driver/Src/stm32g4xx_hal_cortex.o
 .debug_frame   0x0000000000001290      0x14c Drivers/STM32G4xx_HAL_Driver/Src/stm32g4xx_hal_gpio.o
 .debug_frame   0x00000000000013dc      0xbe8 Drivers/STM32G4xx_HAL_Driver/Src/stm32g4xx_hal_i2c.o
 .debug_frame   0x0000000000001fc4      0x100 Drivers/STM32G4xx_HAL_Driver/Src/stm32g4xx_hal_i2c_ex.o
 .debug_frame   0x00000000000020c4      0x4fc Drivers/STM32G4xx_HAL_Driver/Src/stm32g4xx_hal_pwr_ex.o
 .debug_frame   0x00000000000025c0      0x23c Drivers/STM32G4xx_HAL_Driver/Src/stm32g4xx_hal_rcc.o
 .debug_frame   0x00000000000027fc      0x2ac Drivers/STM32G4xx_HAL_Driver/Src/stm32g4xx_hal_rcc_ex.o
 .debug_frame   0x0000000000002aa8      0xa0c Drivers/STM32G4xx_HAL_Driver/Src/stm32g4xx_hal_uart.o
 .debug_frame   0x00000000000034b4      0x22c Drivers/STM32G4xx_HAL_Driver/Src/stm32g4xx_hal_uart_ex.o
 .debug_frame   0x00000000000036e0       0x2c c:/st/stm32cubeide_1.3.0/stm32cubeide/plugins/com.st.stm32cube.ide.mcu.externaltools.gnu-tools-for-stm32.7-2018-q2-update.win32_1.5.0.202011040924/tools/bin/../lib/gcc/arm-none-eabi/7.3.1/../../../../arm-none-eabi/lib/thumb/v7e-m/fpv4-sp/hard\libc_nano.a(lib_a-init.o)
 .debug_frame   0x000000000000370c       0x28 c:/st/stm32cubeide_1.3.0/stm32cubeide/plugins/com.st.stm32cube.ide.mcu.externaltools.gnu-tools-for-stm32.7-2018-q2-update.win32_1.5.0.202011040924/tools/bin/../lib/gcc/arm-none-eabi/7.3.1/../../../../arm-none-eabi/lib/thumb/v7e-m/fpv4-sp/hard\libc_nano.a(lib_a-memcpy-stub.o)
 .debug_frame   0x0000000000003734       0x20 c:/st/stm32cubeide_1.3.0/stm32cubeide/plugins/com.st.stm32cube.ide.mcu.externaltools.gnu-tools-for-stm32.7-2018-q2-update.win32_1.5.0.202011040924/tools/bin/../lib/gcc/arm-none-eabi/7.3.1/../../../../arm-none-eabi/lib/thumb/v7e-m/fpv4-sp/hard\libc_nano.a(lib_a-memset.o)
 .debug_frame   0x0000000000003754       0x2c c:/st/stm32cubeide_1.3.0/stm32cubeide/plugins/com.st.stm32cube.ide.mcu.externaltools.gnu-tools-for-stm32.7-2018-q2-update.win32_1.5.0.202011040924/tools/bin/../lib/gcc/arm-none-eabi/7.3.1/thumb/v7e-m/fpv4-sp/hard\libgcc.a(_aeabi_uldivmod.o)
 .debug_frame   0x0000000000003780       0x34 c:/st/stm32cubeide_1.3.0/stm32cubeide/plugins/com.st.stm32cube.ide.mcu.externaltools.gnu-tools-for-stm32.7-2018-q2-update.win32_1.5.0.202011040924/tools/bin/../lib/gcc/arm-none-eabi/7.3.1/thumb/v7e-m/fpv4-sp/hard\libgcc.a(_udivmoddi4.o)
