ism330dhcx_ll.c:15:9:ism330dhcx_read	40	static
ism330dhcx_ll.c:34:9:ism330dhcx_write	40	static
ism330dhcx_ll.c:51:9:ism330dhcx_who_am_i	24	static
ism330dhcx_ll.c:66:9:ism330dhcx_reset_set	24	static
ism330dhcx_ll.c:90:9:ism330dhcx_reset_get	24	static
ism330dhcx_ll.c:108:9:ism330dhcx_block_data_update_set	24	static
ism330dhcx_ll.c:125:9:ism330dhcx_xl_data_rate_set	32	static
ism330dhcx_ll.c:336:9:ism330dhcx_gy_data_rate_set	32	static
ism330dhcx_ll.c:547:9:ism330dhcx_xl_full_scale_set	24	static
ism330dhcx_ll.c:563:9:ism330dhcx_gy_full_scale_set	24	static
ism330dhcx_ll.c:581:9:ism330dhcx_xl_hp_path_on_out_set	24	static
ism330dhcx_ll.c:599:9:ism330dhcx_xl_filter_lp2_set	24	static
ism330dhcx_ll.c:617:9:ism330dhcx_xl_flag_data_ready_get	24	static
ism330dhcx_ll.c:628:9:ism330dhcx_acceleration_raw_get	32	static
ism330dhcx_ll.c:645:9:ism330dhcx_gy_flag_data_ready_get	24	static
ism330dhcx_ll.c:655:9:ism330dhcx_angular_rate_raw_get	32	static
ism330dhcx_ll.c:671:9:ism330dhcx_temp_flag_data_ready_get	24	static
ism330dhcx_ll.c:682:9:ism330dhcx_temperature_raw_get	24	static
ism330dhcx_ll.c:700:9:ism330dhcx_fsm_enable_get	24	static
ism330dhcx_ll.c:732:9:ism330dhcx_mem_bank_set	24	static
ism330dhcx_ll.c:757:9:ism330dhcx_fsm_data_rate_get	24	static
ism330dhcx_ll.c:806:9:ism330dhcx_mlc_get	24	static
ism330dhcx_ll.c:833:9:ism330dhcx_mlc_data_rate_get	24	static
ism330dhcx_ll.c:876:9:ism330dhcx_from_fs2g_to_mg	16	static
ism330dhcx_ll.c:880:9:ism330dhcx_from_fs4g_to_mg	16	static
ism330dhcx_ll.c:884:9:ism330dhcx_from_fs8g_to_mg	16	static
ism330dhcx_ll.c:888:9:ism330dhcx_from_fs16g_to_mg	16	static
ism330dhcx_ll.c:892:9:ism330dhcx_from_fs125dps_to_mdps	16	static
ism330dhcx_ll.c:896:9:ism330dhcx_from_fs250dps_to_mdps	16	static
ism330dhcx_ll.c:900:9:ism330dhcx_from_fs500dps_to_mdps	16	static
ism330dhcx_ll.c:904:9:ism330dhcx_from_fs1000dps_to_mdps	16	static
ism330dhcx_ll.c:908:9:ism330dhcx_from_fs2000dps_to_mdps	16	static
ism330dhcx_ll.c:912:9:ism330dhcx_from_fs4000dps_to_mdps	16	static
ism330dhcx_ll.c:916:9:ism330dhcx_from_lsb_to_celsius	16	static
ism330dhcx_ll.c:920:9:ism330dhcx_from_lsb_to_nsec	16	static
